[2025-08-07 16:56:04 UTC] ERROR: Failed to delete story with id 99999: no such table: stories
[2025-08-08 07:37:14 UTC] ERROR: Failed to delete story with id 99999: no such table: stories
[2025-08-08 08:08:06 UTC] ERROR: Failed to delete story with id 99999: no such table: stories
[2025-08-08 22:54:53 UTC] ERROR: Failed to delete story with id 99999: no such table: stories
[2025-08-09 21:03:27 UTC] ERROR: Batch delete operation completed with errors: Batch operation failed: 2 succeeded, 1 failed
[2025-08-09 21:03:46 UTC] ERROR: Batch delete operation completed with errors: Batch operation failed: 1 succeeded, 1 failed
[2025-08-09 21:03:46 UTC] ERROR: Batch delete operation completed with errors: Batch operation failed: 2 succeeded, 1 failed
[2025-08-09 21:04:00 UTC] ERROR: Batch delete operation completed with errors: Batch operation failed: 1 succeeded, 1 failed
[2025-08-09 21:04:00 UTC] ERROR: Batch delete operation completed with errors: Batch operation failed: 2 succeeded, 1 failed
[2025-08-09 21:50:37 UTC] ERROR: Batch delete operation completed with errors: Batch operation failed: 1 succeeded, 1 failed
[2025-08-09 21:50:37 UTC] ERROR: Batch delete operation completed with errors: Batch operation failed: 2 succeeded, 1 failed
